
> build
> vite build

vite v5.4.21 building for production...
transforming...
✓ 1531 modules transformed.
rendering chunks...
computing gzip size...
public/build/manifest.json                                     97.71 kB │ gzip:   8.84 kB
public/build/assets/Index-tn0RQdqM.css                          0.00 kB │ gzip:   0.02 kB
public/build/assets/BalanceSheet-CARdn1uo.css                   0.07 kB │ gzip:   0.08 kB
public/build/assets/TrialBalance-DsFbcn3a.css                   0.07 kB │ gzip:   0.08 kB
public/build/assets/PrintInvoice-DpWUdFeS.css                   0.14 kB │ gzip:   0.13 kB
public/build/assets/CashFlow-Bsf1Abkv.css                       0.15 kB │ gzip:   0.12 kB
public/build/assets/PrintVoucher-CkhoDE_w.css                   0.16 kB │ gzip:   0.14 kB
public/build/assets/FarmProductivity-nWD3TDOI.css               0.17 kB │ gzip:   0.13 kB
public/build/assets/Index-BPWUz6LZ.css                          0.21 kB │ gzip:   0.15 kB
public/build/assets/Index-CZdE_KQ7.css                          0.21 kB │ gzip:   0.15 kB
public/build/assets/Index-DpYpXAam.css                          0.21 kB │ gzip:   0.15 kB
public/build/assets/Index-N_BumG1h.css                          0.21 kB │ gzip:   0.14 kB
public/build/assets/Index-CHy32eqD.css                          0.21 kB │ gzip:   0.15 kB
public/build/assets/Index-CqKLRrB_.css                          0.21 kB │ gzip:   0.14 kB
public/build/assets/Index-BF6f15FA.css                          0.21 kB │ gzip:   0.15 kB
public/build/assets/Index-BnGv6rz-.css                          0.21 kB │ gzip:   0.15 kB
public/build/assets/Index-BO8qWwCl.css                          0.21 kB │ gzip:   0.15 kB
public/build/assets/Index-BFbZ5KlM.css                          0.21 kB │ gzip:   0.15 kB
public/build/assets/Index-CK038vhB.css                          0.21 kB │ gzip:   0.15 kB
public/build/assets/Index-Bdi369qO.css                          0.21 kB │ gzip:   0.15 kB
public/build/assets/Index-CHwBj4k5.css                          0.21 kB │ gzip:   0.15 kB
public/build/assets/Index-B_HyVpOl.css                          0.21 kB │ gzip:   0.15 kB
public/build/assets/Index-DjnuF0t2.css                          0.21 kB │ gzip:   0.15 kB
public/build/assets/Index-B3vStMSt.css                          0.21 kB │ gzip:   0.15 kB
public/build/assets/PayslipContent-FHCXcLpJ.css                 0.59 kB │ gzip:   0.23 kB
public/build/assets/Index-DZOFutD7.css                          0.84 kB │ gzip:   0.31 kB
public/build/assets/SalarySheet-BZBhxKEM.css                    1.04 kB │ gzip:   0.46 kB
public/build/assets/Print-BpI5WFe6.css                          1.36 kB │ gzip:   0.39 kB
public/build/assets/app-8sgf7Ku0.css                          112.42 kB │ gzip:  15.99 kB
public/build/assets/InputError-qS4TgWvx.js                      0.27 kB │ gzip:   0.23 kB
public/build/assets/InputLabel-BQA11cj7.js                      0.33 kB │ gzip:   0.26 kB
public/build/assets/money-D82w5xsL.js                           0.43 kB │ gzip:   0.30 kB
public/build/assets/ArrowPathIcon-DmTS7ctK.js                   0.49 kB │ gzip:   0.34 kB
public/build/assets/PrimaryButton-CjYAlcbh.js                   0.52 kB │ gzip:   0.35 kB
public/build/assets/Checkbox-C_h2gdci.js                        0.54 kB │ gzip:   0.38 kB
public/build/assets/PencilSquareIcon-DoK9-3ui.js                0.58 kB │ gzip:   0.40 kB
public/build/assets/Pagination-DPXK4C2Y.js                      0.60 kB │ gzip:   0.41 kB
public/build/assets/FunnelIcon-BafbECNb.js                      0.62 kB │ gzip:   0.41 kB
public/build/assets/TextInput-Bg6JVfAS.js                       0.64 kB │ gzip:   0.43 kB
public/build/assets/TrashIcon-BWjhzexZ.js                       0.73 kB │ gzip:   0.47 kB
public/build/assets/Pagination-CnOqnPPX.js                      0.75 kB │ gzip:   0.47 kB
public/build/assets/ArrowTrendingUpIcon-CcikvY1d.js             0.80 kB │ gzip:   0.38 kB
public/build/assets/Create-CdkWwTer.js                          0.81 kB │ gzip:   0.51 kB
public/build/assets/Edit-Cz_UmVny.js                            0.90 kB │ gzip:   0.54 kB
public/build/assets/PrinterIcon-Do_pr1AW.js                     0.93 kB │ gzip:   0.55 kB
public/build/assets/Show-EZRdGyuS.js                            0.94 kB │ gzip:   0.58 kB
public/build/assets/DangerButton-1aig8R2u.js                    0.95 kB │ gzip:   0.49 kB
public/build/assets/ConfirmDeleteModal-D6lZu8rR.js              1.04 kB │ gzip:   0.59 kB
public/build/assets/TrashIcon-Cmd1k-4A.js                       1.25 kB │ gzip:   0.59 kB
public/build/assets/ScaleIcon-B4-Qn8Jr.js                       1.26 kB │ gzip:   0.59 kB
public/build/assets/numberToWords-IytqzKlv.js                   1.49 kB │ gzip:   0.70 kB
public/build/assets/ForgotPassword-D07adF9W.js                  1.52 kB │ gzip:   0.84 kB
public/build/assets/ConfirmPassword-B8UFwwAo.js                 1.79 kB │ gzip:   0.94 kB
public/build/assets/Show-BWEltx-l.js                            1.87 kB │ gzip:   0.86 kB
public/build/assets/VerifyEmail-CIuJa8K5.js                     2.16 kB │ gzip:   1.09 kB
public/build/assets/Modal-CyfqHi4y.js                           2.17 kB │ gzip:   0.96 kB
public/build/assets/Create-C2Em68E8.js                          2.31 kB │ gzip:   1.20 kB
public/build/assets/DeleteUserForm-NXmg-68g.js                  2.31 kB │ gzip:   1.10 kB
public/build/assets/DocumentViewerModal-C1A8k9OZ.js             2.43 kB │ gzip:   1.07 kB
public/build/assets/Create-DrCKUo6D.js                          2.44 kB │ gzip:   1.26 kB
public/build/assets/Create-BtjiTp0k.js                          2.48 kB │ gzip:   1.28 kB
public/build/assets/UpdatePasswordForm-qK6I6bPS.js              2.61 kB │ gzip:   1.01 kB
public/build/assets/ConfirmModal-B-aVME1v.js                    2.63 kB │ gzip:   1.14 kB
public/build/assets/ChartOfAccountTree-Cmgp_2fT.js              2.72 kB │ gzip:   1.19 kB
public/build/assets/UpdateProfileInformationForm-BOBGz0NY.js    2.73 kB │ gzip:   1.27 kB
public/build/assets/Create-DvmEhNuw.js                          2.74 kB │ gzip:   1.40 kB
public/build/assets/ResetPassword-BpIN2lGA.js                   2.89 kB │ gzip:   1.04 kB
public/build/assets/GuestLayout-B_2AdNNK.js                     2.95 kB │ gzip:   1.24 kB
public/build/assets/Show-aBlbyhVZ.js                            2.99 kB │ gzip:   1.13 kB
public/build/assets/Edit-DPGT0LAR.js                            3.11 kB │ gzip:   1.40 kB
public/build/assets/Login-CjzQNWbq.js                           3.28 kB │ gzip:   1.44 kB
public/build/assets/Edit-DdsrFOAY.js                            3.31 kB │ gzip:   1.50 kB
public/build/assets/Show-sxwPdMnB.js                            3.31 kB │ gzip:   1.35 kB
public/build/assets/Edit-BU5jixIU.js                            3.35 kB │ gzip:   1.44 kB
public/build/assets/Edit-BCnNg9_w.js                            3.37 kB │ gzip:   1.44 kB
public/build/assets/Create-CzsiXMLs.js                          3.74 kB │ gzip:   1.35 kB
public/build/assets/Create-C3Bm8UYM.js                          3.80 kB │ gzip:   1.59 kB
public/build/assets/Create-DSJOyyRL.js                          3.80 kB │ gzip:   1.21 kB
public/build/assets/Edit-D6ik9IkM.js                            3.82 kB │ gzip:   1.39 kB
public/build/assets/Edit-DkjO9ti5.js                            3.86 kB │ gzip:   1.62 kB
public/build/assets/Create-DCAh96I4.js                          3.86 kB │ gzip:   1.65 kB
public/build/assets/Create-0RCVdsas.js                          3.91 kB │ gzip:   1.64 kB
public/build/assets/Edit-Bgk3iEza.js                            3.94 kB │ gzip:   1.26 kB
public/build/assets/Edit-Cv3wUsG-.js                            3.95 kB │ gzip:   1.70 kB
public/build/assets/Register-CDoSyBrD.js                        3.98 kB │ gzip:   1.35 kB
public/build/assets/Edit-DhPDjEUj.js                            4.08 kB │ gzip:   1.70 kB
public/build/assets/Create-Pc24U_55.js                          4.45 kB │ gzip:   1.52 kB
public/build/assets/Edit-CJSVVOgv.js                            4.47 kB │ gzip:   1.55 kB
public/build/assets/Create-CPOB1ZFg.js                          4.49 kB │ gzip:   1.80 kB
public/build/assets/Create-BVbG2gUq.js                          4.50 kB │ gzip:   1.46 kB
public/build/assets/Create-CHFZUp_O.js                          4.55 kB │ gzip:   1.76 kB
public/build/assets/Edit-CHay9xOY.js                            4.56 kB │ gzip:   1.82 kB
public/build/assets/Show-Oo7JtM-K.js                            4.60 kB │ gzip:   1.68 kB
public/build/assets/Show-0lVAoE0V.js                            4.60 kB │ gzip:   1.63 kB
public/build/assets/Edit-T2LbDj6K.js                            4.65 kB │ gzip:   1.51 kB
public/build/assets/Create-CCK2gMUw.js                          4.66 kB │ gzip:   1.79 kB
public/build/assets/Edit-D53b6tmX.js                            4.67 kB │ gzip:   1.81 kB
public/build/assets/Edit-e78adUmX.js                            4.76 kB │ gzip:   1.82 kB
public/build/assets/Show-BGWpfYkQ.js                            4.99 kB │ gzip:   1.75 kB
public/build/assets/Show-I8i_14XK.js                            5.40 kB │ gzip:   2.02 kB
public/build/assets/PrintInvoice-bS7wTRjs.js                    5.43 kB │ gzip:   1.70 kB
public/build/assets/Create-DKje3P_S.js                          5.46 kB │ gzip:   1.99 kB
public/build/assets/Edit-BPHlpxvG.js                            5.50 kB │ gzip:   1.62 kB
public/build/assets/Index-BK2V-OOk.js                           5.53 kB │ gzip:   2.09 kB
public/build/assets/Edit-CGRAHTUF.js                            5.57 kB │ gzip:   2.02 kB
public/build/assets/Show-BBNbflve.js                            5.60 kB │ gzip:   1.87 kB
public/build/assets/Create-20DLRo0o.js                          5.63 kB │ gzip:   1.67 kB
public/build/assets/Show-B08c3Ojj.js                            5.67 kB │ gzip:   1.91 kB
public/build/assets/Edit-B0ehbqsY.js                            5.76 kB │ gzip:   1.72 kB
public/build/assets/Create-1-TrwHIS.js                          5.82 kB │ gzip:   1.98 kB
public/build/assets/Create-BjRWZQSd.js                          5.86 kB │ gzip:   1.87 kB
public/build/assets/PayslipContent-DWeCYLZW.js                  5.88 kB │ gzip:   1.70 kB
public/build/assets/Edit-CCEaBrnL.js                            5.92 kB │ gzip:   2.02 kB
public/build/assets/Edit-4Ug_tRLJ.js                            6.03 kB │ gzip:   1.93 kB
public/build/assets/Create-DPHDeTab.js                          6.20 kB │ gzip:   2.06 kB
public/build/assets/Create-CUFHSpPT.js                          6.24 kB │ gzip:   1.88 kB
public/build/assets/PrintInvoice-DiYFWCTl.js                    6.27 kB │ gzip:   2.02 kB
public/build/assets/CustomerForm-BO2ffT9D.js                    6.42 kB │ gzip:   1.61 kB
public/build/assets/PrintInvoice-D2quDnWP.js                    6.46 kB │ gzip:   2.03 kB
public/build/assets/Show-munY_6DB.js                            6.47 kB │ gzip:   2.12 kB
public/build/assets/Create-UYaiDOXb.js                          6.48 kB │ gzip:   2.17 kB
public/build/assets/Create-BnO67DoA.js                          6.54 kB │ gzip:   2.31 kB
public/build/assets/Edit-Cwm8ZOB7.js                            6.60 kB │ gzip:   2.11 kB
public/build/assets/Create-BUWRICnQ.js                          6.63 kB │ gzip:   1.77 kB
public/build/assets/Index-FZOR_3EX.js                           6.66 kB │ gzip:   2.50 kB
public/build/assets/Edit-CEwLGJU6.js                            6.73 kB │ gzip:   2.35 kB
public/build/assets/Edit-ToBUiwkt.js                            6.74 kB │ gzip:   2.24 kB
public/build/assets/Edit-Y6LTaukR.js                            6.79 kB │ gzip:   1.83 kB
public/build/assets/Show-BdUPweup.js                            6.80 kB │ gzip:   2.12 kB
public/build/assets/Index-CLy0iCoY.js                           6.82 kB │ gzip:   2.57 kB
public/build/assets/Index-Da1ed4q1.js                           7.02 kB │ gzip:   2.27 kB
public/build/assets/Create-a3wmvTcT.js                          7.03 kB │ gzip:   1.99 kB
public/build/assets/Index-GQoDpZF7.js                           7.11 kB │ gzip:   2.00 kB
public/build/assets/Index-C7WHRcQP.js                           7.15 kB │ gzip:   2.32 kB
public/build/assets/Print-CGIdigpr.js                           7.15 kB │ gzip:   2.08 kB
public/build/assets/SalarySheet-O_sBCKlt.js                     7.18 kB │ gzip:   2.24 kB
public/build/assets/Index-BjSUDQSV.js                           7.25 kB │ gzip:   2.59 kB
public/build/assets/Index-CQjT-rZY.js                           7.27 kB │ gzip:   2.48 kB
public/build/assets/Edit-MV_lELYm.js                            7.31 kB │ gzip:   2.14 kB
public/build/assets/Create-VI5wGX_s.js                          7.35 kB │ gzip:   2.23 kB
public/build/assets/SupplierPaymentForm-67qBPyEi.js             7.36 kB │ gzip:   1.96 kB
public/build/assets/Edit-BM1i-kBj.js                            7.36 kB │ gzip:   2.52 kB
public/build/assets/CustomerPaymentForm-ClPVjXM-.js             7.37 kB │ gzip:   1.96 kB
public/build/assets/Edit-78ZZ7eXu.js                            7.41 kB │ gzip:   2.12 kB
public/build/assets/Create-Bt7fcmsu.js                          7.48 kB │ gzip:   2.16 kB
public/build/assets/Create-BVzHvoAr.js                          7.56 kB │ gzip:   2.28 kB
public/build/assets/Create-3yn7zHZv.js                          7.59 kB │ gzip:   2.15 kB
public/build/assets/Create-H8H5uCBO.js                          7.63 kB │ gzip:   2.36 kB
public/build/assets/Show-g71FbY46.js                            7.65 kB │ gzip:   2.10 kB
public/build/assets/Edit-SoG1KDFV.js                            7.75 kB │ gzip:   2.31 kB
public/build/assets/Create-DN4fXqI8.js                          7.79 kB │ gzip:   2.25 kB
public/build/assets/Show-DbpCMOf4.js                            7.84 kB │ gzip:   2.76 kB
public/build/assets/SuperAdmin-C7lZe9qp.js                      7.86 kB │ gzip:   2.87 kB
public/build/assets/Show-CJhDKpfq.js                            7.99 kB │ gzip:   2.56 kB
public/build/assets/Index-CeN4HoxH.js                           8.06 kB │ gzip:   2.70 kB
public/build/assets/Edit-DjP6Kcji.js                            8.09 kB │ gzip:   2.43 kB
public/build/assets/Edit-bzaClzqx.js                            8.11 kB │ gzip:   2.33 kB
public/build/assets/Show-D7d0_Bi_.js                            8.22 kB │ gzip:   2.27 kB
public/build/assets/Show-DaOu4p4i.js                            8.27 kB │ gzip:   2.39 kB
public/build/assets/Create-CbRQCD_V.js                          8.32 kB │ gzip:   1.98 kB
public/build/assets/Create-_ryhD13i.js                          8.33 kB │ gzip:   2.36 kB
public/build/assets/Roles-Dph63xNJ.js                           8.36 kB │ gzip:   3.26 kB
public/build/assets/Collections-BFep9s3D.js                     8.36 kB │ gzip:   2.73 kB
public/build/assets/Index-CK1BI6K2.js                           8.38 kB │ gzip:   2.80 kB
public/build/assets/Create-BjSkosEe.js                          8.47 kB │ gzip:   2.54 kB
public/build/assets/Show-gY9kc2OV.js                            8.51 kB │ gzip:   2.26 kB
public/build/assets/Edit-NgL_iTEE.js                            8.51 kB │ gzip:   2.50 kB
public/build/assets/JournalEntryForm-qfG5iMxR.js                8.58 kB │ gzip:   2.63 kB
public/build/assets/AssignRoles-Cgm19Gvd.js                     8.60 kB │ gzip:   2.89 kB
public/build/assets/Edit-DvqjSX4s.js                            8.63 kB │ gzip:   2.42 kB
public/build/assets/Show-CQRH3Ek0.js                            8.64 kB │ gzip:   2.41 kB
public/build/assets/Edit-CnME7-cp.js                            8.65 kB │ gzip:   2.05 kB
public/build/assets/Index-Bou8UgOO.js                           8.68 kB │ gzip:   3.01 kB
public/build/assets/Create-Ae2QMt6I.js                          8.78 kB │ gzip:   2.37 kB
public/build/assets/Edit-BotjlvU_.js                            8.80 kB │ gzip:   2.55 kB
public/build/assets/Index-BInTdtj1.js                           8.85 kB │ gzip:   3.06 kB
public/build/assets/Show-CemYybWQ.js                            8.89 kB │ gzip:   2.56 kB
public/build/assets/Show-C-2uTqWD.js                            8.93 kB │ gzip:   2.44 kB
public/build/assets/Index-BqrB_eRW.js                           8.97 kB │ gzip:   3.12 kB
public/build/assets/Create-C1p0kdav.js                          9.01 kB │ gzip:   2.44 kB
public/build/assets/Edit-sbf6YEgf.js                            9.08 kB │ gzip:   2.43 kB
public/build/assets/Index-CftQdKuc.js                           9.09 kB │ gzip:   3.15 kB
public/build/assets/Index-BCtlxBpB.js                           9.11 kB │ gzip:   3.07 kB
public/build/assets/Index-jlZDwBnb.js                           9.16 kB │ gzip:   3.17 kB
public/build/assets/Index-khc9pa2C.js                           9.19 kB │ gzip:   3.02 kB
public/build/assets/Index-Dc1E4Z7E.js                           9.26 kB │ gzip:   2.81 kB
public/build/assets/SuperAdminEmail-o9X_ZXl1.js                 9.26 kB │ gzip:   2.61 kB
public/build/assets/Edit-DL8-7Sjb.js                            9.31 kB │ gzip:   2.57 kB
public/build/assets/Index-BZQnarVy.js                           9.39 kB │ gzip:   3.05 kB
public/build/assets/Show-CFoVc45J.js                            9.44 kB │ gzip:   2.47 kB
public/build/assets/Index-CMvGrKew.js                           9.52 kB │ gzip:   3.18 kB
public/build/assets/Show-CyFJa00S.js                            9.57 kB │ gzip:   2.80 kB
public/build/assets/Index-BseXZO0K.js                           9.64 kB │ gzip:   3.15 kB
public/build/assets/Show-CEk7cfzP.js                            9.69 kB │ gzip:   2.55 kB
public/build/assets/Show-D7k1Vvp_.js                            9.71 kB │ gzip:   2.49 kB
public/build/assets/Edit-S7oB0Xh2.js                            9.71 kB │ gzip:   2.71 kB
public/build/assets/Create-yZIMybQz.js                          9.71 kB │ gzip:   2.60 kB
public/build/assets/Show-BNsGeQyj.js                            9.75 kB │ gzip:   2.55 kB
public/build/assets/Create-D9Lf_xaB.js                          9.85 kB │ gzip:   2.67 kB
public/build/assets/Edit-BO3-4Zuk.js                            9.90 kB │ gzip:   2.68 kB
public/build/assets/Create-DorGDN7u.js                          9.96 kB │ gzip:   2.51 kB
public/build/assets/Index-CmXSvch3.js                          10.07 kB │ gzip:   3.24 kB
public/build/assets/Create-RBE6wNOz.js                         10.26 kB │ gzip:   2.84 kB
public/build/assets/Index-DVUBIlFQ.js                          10.35 kB │ gzip:   3.16 kB
public/build/assets/Index-vW71BnFb.js                          10.45 kB │ gzip:   3.22 kB
public/build/assets/Edit-DOwMLBWT.js                           10.49 kB │ gzip:   2.69 kB
public/build/assets/Show-LAZa9z1N.js                           10.49 kB │ gzip:   2.67 kB
public/build/assets/Index-DYggKfq6.js                          10.49 kB │ gzip:   3.38 kB
public/build/assets/PrintVoucher-D_fegjyS.js                   10.55 kB │ gzip:   3.10 kB
public/build/assets/Show-BvX6argJ.js                           10.58 kB │ gzip:   2.62 kB
public/build/assets/Show-XUHbAWXU.js                           10.63 kB │ gzip:   2.64 kB
public/build/assets/Edit-ZTTiZS_5.js                           10.63 kB │ gzip:   2.90 kB
public/build/assets/Index-TNCaWNYf.js                          10.67 kB │ gzip:   3.38 kB
public/build/assets/Index-B2ZRgSzH.js                          10.72 kB │ gzip:   3.45 kB
public/build/assets/Create-IoqzOKYR.js                         10.74 kB │ gzip:   2.61 kB
public/build/assets/ProfitLoss-CUmNV6wO.js                     10.79 kB │ gzip:   3.40 kB
public/build/assets/Index-B3NBtng9.js                          10.84 kB │ gzip:   3.52 kB
public/build/assets/Show-CAzVPKtZ.js                           10.84 kB │ gzip:   3.10 kB
public/build/assets/Show-C8pBqkhR.js                           10.89 kB │ gzip:   2.94 kB
public/build/assets/Index-B2QRZSUb.js                          10.91 kB │ gzip:   3.29 kB
public/build/assets/Create-BPCTxScC.js                         10.91 kB │ gzip:   2.89 kB
public/build/assets/Index-CTOhRXog.js                          10.92 kB │ gzip:   3.17 kB
public/build/assets/PaymentGateways-Cbz4Cm3D.js                10.92 kB │ gzip:   2.81 kB
public/build/assets/Index-_7XOFM7Z.js                          10.95 kB │ gzip:   3.25 kB
public/build/assets/TrialBalance-D1Hf34vv.js                   11.00 kB │ gzip:   3.45 kB
public/build/assets/Show-DUaFc2o5.js                           11.01 kB │ gzip:   3.03 kB
public/build/assets/Show-BwdV4NWU.js                           11.06 kB │ gzip:   3.06 kB
public/build/assets/Index-CXS3R-vP.js                          11.07 kB │ gzip:   3.71 kB
public/build/assets/Index-BERV4yrc.js                          11.11 kB │ gzip:   3.40 kB
public/build/assets/Index-mGZrJorM.js                          11.14 kB │ gzip:   3.43 kB
public/build/assets/Index-DLkY4Blc.js                          11.24 kB │ gzip:   3.30 kB
public/build/assets/Dashboard-CfTc0vBY.js                      11.26 kB │ gzip:   4.06 kB
public/build/assets/Edit-BuFiZTsg.js                           11.29 kB │ gzip:   2.76 kB
public/build/assets/Create-DXKdZnO_.js                         11.32 kB │ gzip:   2.94 kB
public/build/assets/Index-BFO5660T.js                          11.35 kB │ gzip:   3.80 kB
public/build/assets/Show-BlHNwbwL.js                           11.36 kB │ gzip:   2.73 kB
public/build/assets/Index-DPwGT7Bb.js                          11.41 kB │ gzip:   3.47 kB
public/build/assets/Index-C2_b6rw9.js                          11.42 kB │ gzip:   3.47 kB
public/build/assets/Create-C1wLY6F7.js                         11.59 kB │ gzip:   2.83 kB
public/build/assets/Edit-BpLUxrPq.js                           11.61 kB │ gzip:   2.91 kB
public/build/assets/Index-4Ixlo3zj.js                          11.62 kB │ gzip:   3.59 kB
public/build/assets/Create-CFOV7_nm.js                         11.64 kB │ gzip:   2.60 kB
public/build/assets/Index-XzBiDxnn.js                          11.77 kB │ gzip:   3.56 kB
public/build/assets/Index-Bx_v3jon.js                          11.78 kB │ gzip:   3.63 kB
public/build/assets/Index-xK-Kj4R-.js                          11.78 kB │ gzip:   3.37 kB
public/build/assets/Show-Dx-zmC8A.js                           11.78 kB │ gzip:   3.01 kB
public/build/assets/Show-CzY5DQbN.js                           11.81 kB │ gzip:   2.90 kB
public/build/assets/Create-BGeLGHmk.js                         11.84 kB │ gzip:   3.14 kB
public/build/assets/Index-DRULr9tY.js                          11.85 kB │ gzip:   3.63 kB
public/build/assets/Index-sV1J_W96.js                          11.89 kB │ gzip:   3.75 kB
public/build/assets/Show-MBgoF_5f.js                           11.92 kB │ gzip:   2.87 kB
public/build/assets/Show-bz_yXpWo.js                           11.96 kB │ gzip:   2.98 kB
public/build/assets/Show-BvWcdBJT.js                           11.98 kB │ gzip:   3.08 kB
public/build/assets/Edit--QeWo0J3.js                           12.01 kB │ gzip:   2.65 kB
public/build/assets/Index-DscXLGuh.js                          12.04 kB │ gzip:   3.57 kB
public/build/assets/Edit-CpOXbjAN.js                           12.05 kB │ gzip:   3.09 kB
public/build/assets/Edit-DYYcn-ZI.js                           12.06 kB │ gzip:   2.96 kB
public/build/assets/Edit-Dxf64Q_m.js                           12.14 kB │ gzip:   3.07 kB
public/build/assets/Index-DGMdmPIr.js                          12.15 kB │ gzip:   3.40 kB
public/build/assets/Index-OyLMs5rD.js                          12.22 kB │ gzip:   3.64 kB
public/build/assets/Show-CfF52D3S.js                           12.28 kB │ gzip:   3.04 kB
public/build/assets/Index-0e58jvQz.js                          12.30 kB │ gzip:   3.88 kB
public/build/assets/Index-Bg8vc9x8.js                          12.32 kB │ gzip:   3.78 kB
public/build/assets/Show-Dzrjsj2k.js                           12.34 kB │ gzip:   3.12 kB
public/build/assets/Index-B7an1gio.js                          12.39 kB │ gzip:   3.73 kB
public/build/assets/Index-LXz2evBE.js                          12.40 kB │ gzip:   3.80 kB
public/build/assets/Index-q2ksyPI2.js                          12.48 kB │ gzip:   3.79 kB
public/build/assets/Index-D5z2iBnB.js                          12.49 kB │ gzip:   3.76 kB
public/build/assets/Show-DwgcQu0A.js                           12.54 kB │ gzip:   3.36 kB
public/build/assets/Show-DQH9Z15v.js                           12.56 kB │ gzip:   3.42 kB
public/build/assets/Index-Dot90uF_.js                          12.56 kB │ gzip:   3.73 kB
public/build/assets/BalanceSheet-DfH2JAuG.js                   12.62 kB │ gzip:   3.37 kB
public/build/assets/Show-CMTvPG6q.js                           12.62 kB │ gzip:   3.26 kB
public/build/assets/Edit-BhbVniMk.js                           12.67 kB │ gzip:   3.34 kB
public/build/assets/Index-Ca1CkjCP.js                          12.72 kB │ gzip:   3.90 kB
public/build/assets/Index-Cs69vj1J.js                          12.74 kB │ gzip:   3.81 kB
public/build/assets/Show-Nalxsfsa.js                           12.76 kB │ gzip:   3.15 kB
public/build/assets/SaleForm-xMM9EVb0.js                       12.85 kB │ gzip:   3.00 kB
public/build/assets/Index-BB_zc4-0.js                          12.86 kB │ gzip:   3.90 kB
public/build/assets/Show-IIkKiuXi.js                           12.88 kB │ gzip:   3.30 kB
public/build/assets/Index-BsIogma4.js                          12.90 kB │ gzip:   3.87 kB
public/build/assets/Index-DMoS2cf7.js                          12.95 kB │ gzip:   3.92 kB
public/build/assets/Index-DJP5uslY.js                          13.09 kB │ gzip:   3.88 kB
public/build/assets/Index-DPIQhueK.js                          13.10 kB │ gzip:   3.83 kB
public/build/assets/Create-ClJvpVQK.js                         13.19 kB │ gzip:   3.34 kB
public/build/assets/Index-DFRncfMa.js                          13.21 kB │ gzip:   3.99 kB
public/build/assets/Index-oke-gNX9.js                          13.22 kB │ gzip:   3.98 kB
public/build/assets/Show-Du7gApw_.js                           13.25 kB │ gzip:   3.28 kB
public/build/assets/Index-rEcS8XkM.js                          13.28 kB │ gzip:   3.91 kB
public/build/assets/Index-C86lY9Yc.js                          13.29 kB │ gzip:   3.88 kB
public/build/assets/FarmProductivity-CyfUrDH3.js               13.42 kB │ gzip:   3.14 kB
public/build/assets/VoucherReport-DJBb8VVP.js                  13.42 kB │ gzip:   4.00 kB
public/build/assets/Edit-ClhRM1gs.js                           13.60 kB │ gzip:   3.41 kB
public/build/assets/Index-uZgBfc33.js                          13.64 kB │ gzip:   3.60 kB
public/build/assets/Index-R3NVYFkh.js                          13.85 kB │ gzip:   4.01 kB
public/build/assets/Show-DDGZrvxD.js                           13.90 kB │ gzip:   3.59 kB
public/build/assets/Show-VENc1Xzd.js                           13.91 kB │ gzip:   3.38 kB
public/build/assets/Index-BZNLeD0v.js                          14.41 kB │ gzip:   4.28 kB
public/build/assets/Index-BE0QzYej.js                          14.45 kB │ gzip:   4.18 kB
public/build/assets/Index-CS7DtluX.js                          14.46 kB │ gzip:   4.14 kB
public/build/assets/Create-Dilcq_4p.js                         14.57 kB │ gzip:   3.38 kB
public/build/assets/Index-anBV0DUd.js                          14.59 kB │ gzip:   4.24 kB
public/build/assets/Index-Chv9Yfuf.js                          14.85 kB │ gzip:   4.01 kB
public/build/assets/Index-DpMUmV3_.js                          15.25 kB │ gzip:   4.47 kB
public/build/assets/Index-obt4II-m.js                          15.35 kB │ gzip:   4.40 kB
public/build/assets/Create-CT2kDWaE.js                         15.36 kB │ gzip:   3.17 kB
public/build/assets/Show-CjpjVUap.js                           15.37 kB │ gzip:   3.57 kB
public/build/assets/Index-DKuRbN3W.js                          15.42 kB │ gzip:   4.28 kB
public/build/assets/Index-CjN4LZnP.js                          15.64 kB │ gzip:   4.42 kB
public/build/assets/Edit-D_kd7lj9.js                           16.01 kB │ gzip:   3.60 kB
public/build/assets/Create-COd73W4R.js                         16.31 kB │ gzip:   3.77 kB
public/build/assets/Create-B8jE4__Z.js                         16.34 kB │ gzip:   3.74 kB
public/build/assets/Edit-DbiUK3vb.js                           16.37 kB │ gzip:   3.48 kB
public/build/assets/Edit-BGf5-3a4.js                           16.49 kB │ gzip:   3.83 kB
public/build/assets/CashFlow-bXo12Jl_.js                       16.49 kB │ gzip:   4.42 kB
public/build/assets/Index-BABf1qFo.js                          16.58 kB │ gzip:   4.41 kB
public/build/assets/Edit-ufvc8IuT.js                           16.97 kB │ gzip:   3.94 kB
public/build/assets/Show-J9VGj-5p.js                           17.25 kB │ gzip:   3.94 kB
public/build/assets/Index-okLxXDFs.js                          17.55 kB │ gzip:   5.45 kB
public/build/assets/Create-0i9g9YXd.js                         17.83 kB │ gzip:   3.53 kB
public/build/assets/Edit-Ci1n97-v.js                           18.91 kB │ gzip:   3.68 kB
public/build/assets/Index-68-r3hPO.js                          19.64 kB │ gzip:   5.65 kB
public/build/assets/format-6k-ph54I.js                         20.52 kB │ gzip:   5.85 kB
public/build/assets/parse-CD0EbacR.js                          22.58 kB │ gzip:   4.68 kB
public/build/assets/Welcome-D8A9wKl-.js                        26.89 kB │ gzip:   7.30 kB
public/build/assets/lodash-CkJGvysd.js                         72.09 kB │ gzip:  26.73 kB
public/build/assets/Dashboard-kXEvBSfl.js                     249.98 kB │ gzip:  73.22 kB
public/build/assets/app-CVDWQCnW.js                           436.24 kB │ gzip: 142.66 kB
✓ built in 2m 18s
